// Jest Snapshot v1, https://goo.gl/fbAQLP

exports[`Check - Demo Check box 1`] = `
<div class="md-example-child md-example-child-check md-example-child-check-2">
  <div class="md-check-box is-disabled">日缴
    <!---->
  </div>
  <div class="md-check-box">月付
    <!---->
  </div>
  <div class="md-check-box">季度费
    <!---->
  </div>
</div>
`;

exports[`Check - Demo Check box group 1`] = `
<div class="md-example-child md-example-child-check md-example-child-check-3">
  <div class="md-check-group">
    <div class="md-check-box is-disabled is-checked">自己 <div class="md-tag">
        <div class="default size-tiny shape-quarter type-fill font-weight-normal">
          <div class="quarter-content"><i class="md-icon icon-font md-icon-right md" style="color:;"></i></div>
          <div class="quarter-bg"></div>
        </div>
      </div>
    </div>
    <div class="md-check-box">配偶
      <!---->
    </div>
    <div class="md-check-box">父母
      <!---->
    </div>
    <div class="md-check-box">子女
      <!---->
    </div>
  </div>
</div>
`;

exports[`Check - Demo Check list 1`] = `
<div class="md-example-child md-example-child-check md-example-child-check-4">
  <fieldset class="md-field">
    <header class="md-field-header">
      <div class="md-field-heading">
        <legend class="md-field-title">复选列表</legend>
        <!---->
      </div>
      <div class="md-field-action"></div>
    </header>
    <div class="md-field-content">
      <div class="md-check-group md-check-list">
        <div class="md-cell-item md-check-item">
          <div class="md-cell-item-body">
            <!---->
            <div class="md-cell-item-content">
              <p class="md-cell-item-title">西瓜</p>
              <!---->
            </div>
            <div class="md-cell-item-right"><label class="md-check">
                <div class="md-check-icon">
                  <!---->
                </div>
                <!---->
              </label>
              <!---->
            </div>
          </div>
          <!---->
        </div>
        <div class="md-cell-item md-check-item is-checked">
          <div class="md-cell-item-body">
            <!---->
            <div class="md-cell-item-content">
              <p class="md-cell-item-title">苹果</p>
              <!---->
            </div>
            <div class="md-cell-item-right"><label class="md-check is-checked">
                <div class="md-check-icon"><i class="md-icon icon-font md-icon-right md" style="color:;"></i></div>
                <!---->
              </label>
              <!---->
            </div>
          </div>
          <!---->
        </div>
        <div class="md-cell-item md-check-item">
          <div class="md-cell-item-body">
            <!---->
            <div class="md-cell-item-content">
              <p class="md-cell-item-title">香蕉</p>
              <!---->
            </div>
            <div class="md-cell-item-right"><label class="md-check">
                <div class="md-check-icon">
                  <!---->
                </div>
                <!---->
              </label>
              <!---->
            </div>
          </div>
          <!---->
        </div>
        <div class="md-cell-item md-check-item">
          <div class="md-cell-item-body">
            <!---->
            <div class="md-cell-item-content">
              <p class="md-cell-item-title">橙子</p>
              <!---->
            </div>
            <div class="md-cell-item-right"><label class="md-check">
                <div class="md-check-icon">
                  <!---->
                </div>
                <!---->
              </label>
              <!---->
            </div>
          </div>
          <!---->
        </div>
        <div class="md-cell-item md-check-item is-disabled">
          <div class="md-cell-item-body">
            <!---->
            <div class="md-cell-item-content">
              <p class="md-cell-item-title">西红柿</p>
              <!---->
            </div>
            <div class="md-cell-item-right"><label class="md-check is-disabled">
                <div class="md-check-icon">
                  <!---->
                </div>
                <!---->
              </label>
              <!---->
            </div>
          </div>
          <!---->
        </div>
      </div>
    </div>
    <!---->
  </fieldset>
</div>
`;

exports[`Check - Demo Check options 1`] = `
<div class="md-example-child md-example-child-check md-example-child-check-0"><label class="md-check">
    <div class="md-check-icon"><i class="md-icon icon-font md-icon-check md" style="color:;"></i></div>
    <div class="md-check-label">复选项</div>
  </label> <label class="md-check is-disabled">
    <div class="md-check-icon"><i class="md-icon icon-font md-icon-check-disabled md" style="color:;"></i></div>
    <div class="md-check-label">禁用</div>
  </label></div>
`;

exports[`Check - Demo Check options group 1`] = `
<div class="md-example-child md-example-child-check md-example-child-check-1">
  <div class="md-check-group"><label class="md-check">
      <div class="md-check-icon"><i class="md-icon icon-font md-icon-check md" style="color:;"></i></div>
      <div class="md-check-label">西瓜</div>
    </label> <label class="md-check is-checked">
      <div class="md-check-icon"><i class="md-icon icon-font md-icon-checked md" style="color:;"></i></div>
      <div class="md-check-label">苹果</div>
    </label> <label class="md-check">
      <div class="md-check-icon"><i class="md-icon icon-font md-icon-check md" style="color:;"></i></div>
      <div class="md-check-label">香蕉</div>
    </label> <label class="md-check">
      <div class="md-check-icon"><i class="md-icon icon-font md-icon-check md" style="color:;"></i></div>
      <div class="md-check-label">橙子</div>
    </label> <label class="md-check is-disabled">
      <div class="md-check-icon"><i class="md-icon icon-font md-icon-check-disabled md" style="color:;"></i></div>
      <div class="md-check-label">西红柿</div>
    </label></div>
</div>
`;

exports[`Check Check box 1`] = `
<div class="md-example-child md-example-child-check md-example-child-check-2">
  <div class="md-check-box is-disabled">日缴
    <!---->
  </div>
  <div class="md-check-box">月付
    <!---->
  </div>
  <div class="md-check-box">季度费
    <!---->
  </div>
</div>
`;

exports[`Check Check box group 1`] = `
<div class="md-example-child md-example-child-check md-example-child-check-3">
  <div class="md-check-group">
    <div class="md-check-box is-disabled is-checked">自己 <div class="md-tag">
        <div class="default size-tiny shape-quarter type-fill font-weight-normal">
          <div class="quarter-content"><i class="md-icon icon-font md-icon-right md" style="color:;"></i></div>
          <div class="quarter-bg"></div>
        </div>
      </div>
    </div>
    <div class="md-check-box">配偶
      <!---->
    </div>
    <div class="md-check-box">父母
      <!---->
    </div>
    <div class="md-check-box">子女
      <!---->
    </div>
  </div>
</div>
`;

exports[`Check Check list 1`] = `
<div class="md-example-child md-example-child-check md-example-child-check-4">
  <fieldset class="md-field">
    <header class="md-field-header">
      <div class="md-field-heading">
        <legend class="md-field-title">复选列表</legend>
        <!---->
      </div>
      <div class="md-field-action"></div>
    </header>
    <div class="md-field-content">
      <div class="md-check-group md-check-list">
        <div class="md-cell-item md-check-item">
          <div class="md-cell-item-body">
            <!---->
            <div class="md-cell-item-content">
              <p class="md-cell-item-title">西瓜</p>
              <!---->
            </div>
            <div class="md-cell-item-right"><label class="md-check">
                <div class="md-check-icon">
                  <!---->
                </div>
                <!---->
              </label>
              <!---->
            </div>
          </div>
          <!---->
        </div>
        <div class="md-cell-item md-check-item is-checked">
          <div class="md-cell-item-body">
            <!---->
            <div class="md-cell-item-content">
              <p class="md-cell-item-title">苹果</p>
              <!---->
            </div>
            <div class="md-cell-item-right"><label class="md-check is-checked">
                <div class="md-check-icon"><i class="md-icon icon-font md-icon-right md" style="color:;"></i></div>
                <!---->
              </label>
              <!---->
            </div>
          </div>
          <!---->
        </div>
        <div class="md-cell-item md-check-item">
          <div class="md-cell-item-body">
            <!---->
            <div class="md-cell-item-content">
              <p class="md-cell-item-title">香蕉</p>
              <!---->
            </div>
            <div class="md-cell-item-right"><label class="md-check">
                <div class="md-check-icon">
                  <!---->
                </div>
                <!---->
              </label>
              <!---->
            </div>
          </div>
          <!---->
        </div>
        <div class="md-cell-item md-check-item">
          <div class="md-cell-item-body">
            <!---->
            <div class="md-cell-item-content">
              <p class="md-cell-item-title">橙子</p>
              <!---->
            </div>
            <div class="md-cell-item-right"><label class="md-check">
                <div class="md-check-icon">
                  <!---->
                </div>
                <!---->
              </label>
              <!---->
            </div>
          </div>
          <!---->
        </div>
        <div class="md-cell-item md-check-item is-disabled">
          <div class="md-cell-item-body">
            <!---->
            <div class="md-cell-item-content">
              <p class="md-cell-item-title">西红柿</p>
              <!---->
            </div>
            <div class="md-cell-item-right"><label class="md-check is-disabled">
                <div class="md-check-icon">
                  <!---->
                </div>
                <!---->
              </label>
              <!---->
            </div>
          </div>
          <!---->
        </div>
      </div>
    </div>
    <!---->
  </fieldset>
</div>
`;

exports[`Check Check options 1`] = `
<div class="md-example-child md-example-child-check md-example-child-check-0"><label class="md-check">
    <div class="md-check-icon"><i class="md-icon icon-font md-icon-check md" style="color:;"></i></div>
    <div class="md-check-label">复选项</div>
  </label> <label class="md-check is-disabled">
    <div class="md-check-icon"><i class="md-icon icon-font md-icon-check-disabled md" style="color:;"></i></div>
    <div class="md-check-label">禁用</div>
  </label></div>
`;

exports[`Check Check options group 1`] = `
<div class="md-example-child md-example-child-check md-example-child-check-1">
  <div class="md-check-group"><label class="md-check">
      <div class="md-check-icon"><i class="md-icon icon-font md-icon-check md" style="color:;"></i></div>
      <div class="md-check-label">西瓜</div>
    </label> <label class="md-check is-checked">
      <div class="md-check-icon"><i class="md-icon icon-font md-icon-checked md" style="color:;"></i></div>
      <div class="md-check-label">苹果</div>
    </label> <label class="md-check">
      <div class="md-check-icon"><i class="md-icon icon-font md-icon-check md" style="color:;"></i></div>
      <div class="md-check-label">香蕉</div>
    </label> <label class="md-check">
      <div class="md-check-icon"><i class="md-icon icon-font md-icon-check md" style="color:;"></i></div>
      <div class="md-check-label">橙子</div>
    </label> <label class="md-check is-disabled">
      <div class="md-check-icon"><i class="md-icon icon-font md-icon-check-disabled md" style="color:;"></i></div>
      <div class="md-check-label">西红柿</div>
    </label></div>
</div>
`;
